OziExplorer Map Data File Version 2.2
100k--p50-049_050.gif
100k--p50-049_050.gif
1 ,Map Code,
Pulkovo 1942 (2),WGS 84,   0.0000,   0.0000,WGS 84
Reserved 1
Reserved 2
Magnetic Variation,,,E
Map Projection,Transverse Mercator,PolyCal,No,AutoCalOnly,No,BSBUseWPX,No
Point01,xy,  122,   87,in, deg,  62, 40.0000,N, 114,  0.0000,E, grid,   ,           ,           ,N
Point02,xy, 2124,   96,in, deg,  62, 40.0000,N, 114, 30.0000,E, grid,   ,           ,           ,N
Point03,xy, 4129,   88,in, deg,  62, 40.0000,N, 115,  0.0000,E, grid,   ,           ,           ,N
Point04,xy,  107, 1534,in, deg,  62, 30.0000,N, 114,  0.0000,E, grid,   ,           ,           ,N
Point05,xy, 2123, 1545,in, deg,  62, 30.0000,N, 114, 30.0000,E, grid,   ,           ,           ,N
Point06,xy, 4139, 1535,in, deg,  62, 30.0000,N, 115,  0.0000,E, grid,   ,           ,           ,N
Point07,xy,   92, 2982,in, deg,  62, 20.0000,N, 114,  0.0000,E, grid,   ,           ,           ,N
Point08,xy, 2121, 2994,in, deg,  62, 20.0000,N, 114, 30.0000,E, grid,   ,           ,           ,N
Point09,xy, 4149, 2985,in, deg,  62, 20.0000,N, 115,  0.0000,E, grid,   ,           ,           ,N
Point10,xy,     ,     ,in, deg,    ,        ,N,    ,        ,W, grid,   ,           ,           ,N
Point11,xy,     ,     ,in, deg,    ,        ,N,    ,        ,W, grid,   ,           ,           ,N
Point12,xy,     ,     ,in, deg,    ,        ,N,    ,        ,W, grid,   ,           ,           ,N
Point13,xy,     ,     ,in, deg,    ,        ,N,    ,        ,W, grid,   ,           ,           ,N
Point14,xy,     ,     ,in, deg,    ,        ,N,    ,        ,W, grid,   ,           ,           ,N
Point15,xy,     ,     ,in, deg,    ,        ,N,    ,        ,W, grid,   ,           ,           ,N
Point16,xy,     ,     ,in, deg,    ,        ,N,    ,        ,W, grid,   ,           ,           ,N
Point17,xy,     ,     ,in, deg,    ,        ,N,    ,        ,W, grid,   ,           ,           ,N
Point18,xy,     ,     ,in, deg,    ,        ,N,    ,        ,W, grid,   ,           ,           ,N
Point19,xy,     ,     ,in, deg,    ,        ,N,    ,        ,W, grid,   ,           ,           ,N
Point20,xy,     ,     ,in, deg,    ,        ,N,    ,        ,W, grid,   ,           ,           ,N
Point21,xy,     ,     ,in, deg,    ,        ,N,    ,        ,W, grid,   ,           ,           ,N
Point22,xy,     ,     ,in, deg,    ,        ,N,    ,        ,W, grid,   ,           ,           ,N
Point23,xy,     ,     ,in, deg,    ,        ,N,    ,        ,W, grid,   ,           ,           ,N
Point24,xy,     ,     ,in, deg,    ,        ,N,    ,        ,W, grid,   ,           ,           ,N
Point25,xy,     ,     ,in, deg,    ,        ,N,    ,        ,W, grid,   ,           ,           ,N
Point26,xy,     ,     ,in, deg,    ,        ,N,    ,        ,W, grid,   ,           ,           ,N
Point27,xy,     ,     ,in, deg,    ,        ,N,    ,        ,W, grid,   ,           ,           ,N
Point28,xy,     ,     ,in, deg,    ,        ,N,    ,        ,W, grid,   ,           ,           ,N
Point29,xy,     ,     ,in, deg,    ,        ,N,    ,        ,W, grid,   ,           ,           ,N
Point30,xy,     ,     ,in, deg,    ,        ,N,    ,        ,W, grid,   ,           ,           ,N
Projection Setup,     0.000000000,   117.000000000,     1.000000000,       500000.00,            0.00,,,,,
Map Feature = MF ; Map Comment = MC     These follow if they exist
Track File = TF      These follow if they exist
Moving Map Parameters = MM?    These follow if they exist
MM0,Yes
MMPNUM,4
MMPXY,1,122,87
MMPXY,2,4129,88
MMPXY,3,4149,2985
MMPXY,4,92,2982
MMPLL,1, 114.000000,  62.666667
MMPLL,2, 115.000000,  62.666667
MMPLL,3, 115.000000,  62.333333
MMPLL,4, 114.000000,  62.333333
MM1B,11.997406
MOP,Map Open Position,0,0
IWH,Map Image Width/Height,4244,3084